// Jest Snapshot v1, https://goo.gl/fbAQLP

exports[`NewsOptions should render 1`] = `
<DocumentFragment>
  <div
    class="sticky top-26"
    data-testid="NewsOptions"
  >
    <div
      class="overflow-y-auto p-10 pb-4 max-h-full rounded-lg border-2 bg-theme-background border-theme-primary-100 dark:border-theme-secondary-800"
    >
      <div
        class="flex flex-col space-y-8"
      >
        <div
          class="flex justify-between items-center py-4 px-2 rounded-md shadow-xl"
        >
          <div
            class="fixed invisible w-auto whitespace-nowrap"
          >
            â€¦
          </div>
          <div
            class="Input__InputWrapperStyled-sc-1i8sd1r-0 bCxMNz"
          >
            <div
              class="relative flex flex-1 h-full"
            >
              <input
                class="Input__InputStyled-sc-1i8sd1r-1 lpjmUZ p-0 border-none bg-transparent focus:ring-0 no-ligatures w-full"
                data-testid="NewsOptions__search"
                maxlength="32"
                placeholder="Search"
                value=""
              />
            </div>
          </div>
          <div
            class="sc-bdfBwQ hjDozt mr-4 text-theme-primary-300 dark:text-theme-secondary-600"
            height="20"
            width="20"
          >
            <svg>
              search.svg
            </svg>
          </div>
        </div>
        <div
          class="Divider-sc-17ehhxk-0 EvPEZ border-theme-secondary-300 dark:border-theme-secondary-800"
          type="horizontal"
        />
        <div
          class="flex flex-col space-y-3"
        >
          <div
            class="flex justify-between items-center"
          >
            <h5
              class="font-semibold"
            >
              Category
            </h5>
            <button
              class="text-xs font-semibold focus:outline-none text-theme-secondary-800"
            >
              Select All
            </button>
          </div>
          <p
            class="text-sm text-theme-secondary-500"
          >
            Select your categories
          </p>
          <div
            class="flex flex-wrap -mx-1"
          >
            <label
              class="SelectCategory___StyledLabel-sc-1dgc7bb-2 PJwka p-1"
              data-testid="NewsOptions__category-Technical"
            >
              <input
                checked=""
                class="SelectCategory__Input-sc-1dgc7bb-0 kkBYYk"
                data-testid="SelectCategory__undefined"
                type="checkbox"
                value=""
              />
              <div
                class="SelectCategory__CustomButton-sc-1dgc7bb-1 ikxvMi"
              >
                #Technical
              </div>
            </label>
            <label
              class="SelectCategory___StyledLabel-sc-1dgc7bb-2 PJwka p-1"
              data-testid="NewsOptions__category-Marketing"
            >
              <input
                class="SelectCategory__Input-sc-1dgc7bb-0 kkBYYk"
                data-testid="SelectCategory__undefined"
                type="checkbox"
                value=""
              />
              <div
                class="SelectCategory__CustomButton-sc-1dgc7bb-1 ikxvMi"
              >
                #Marketing
              </div>
            </label>
            <label
              class="SelectCategory___StyledLabel-sc-1dgc7bb-2 PJwka p-1"
              data-testid="NewsOptions__category-Community"
            >
              <input
                class="SelectCategory__Input-sc-1dgc7bb-0 kkBYYk"
                data-testid="SelectCategory__undefined"
                type="checkbox"
                value=""
              />
              <div
                class="SelectCategory__CustomButton-sc-1dgc7bb-1 ikxvMi"
              >
                #Community
              </div>
            </label>
            <label
              class="SelectCategory___StyledLabel-sc-1dgc7bb-2 PJwka p-1"
              data-testid="NewsOptions__category-Emergency"
            >
              <input
                class="SelectCategory__Input-sc-1dgc7bb-0 kkBYYk"
                data-testid="SelectCategory__undefined"
                type="checkbox"
                value=""
              />
              <div
                class="SelectCategory__CustomButton-sc-1dgc7bb-1 ikxvMi"
              >
                #Emergency
              </div>
            </label>
          </div>
        </div>
        <div
          class="Divider-sc-17ehhxk-0 EvPEZ border-theme-secondary-300 dark:border-theme-secondary-800"
          type="horizontal"
        />
        <div
          class="flex flex-col space-y-3"
        >
          <h5
            class="font-semibold"
          >
            Filter Assets
          </h5>
          <p
            class="text-sm text-theme-secondary-500"
          >
            Your current selections:
          </p>
          <div
            class="pb-2.5"
            data-testid="FilterNetwork"
          >
            <ul
              class="flex flex-wrap"
              data-testid="NetworkOptions"
            >
              <li
                class="inline-block pr-5 pb-5 cursor-pointer"
                data-testid="NetworkOption__ark.mainnet"
              >
                <div
                  class="Circle__CircleWrapper-d5u41q-0 bWntUS relative border-theme-secondary-300 text-theme-secondary-300 dark:border-theme-secondary-800 ring-theme-background"
                >
                  <div
                    class="sc-bdfBwQ hjDozt"
                    height="20"
                    width="20"
                  >
                    <svg>
                      ark.svg
                    </svg>
                  </div>
                  <span
                    class="Badge__Wrapper-w9wbbm-0 godhYe flex border-2 rounded-full justify-center items-center align-middle bg-theme-background border-transparent border-theme-secondary-300 dark:border-theme-secondary-800"
                  >
                    <span />
                  </span>
                </div>
              </li>
            </ul>
          </div>
        </div>
      </div>
    </div>
  </div>
</DocumentFragment>
`;
