// Jest Snapshot v1, https://goo.gl/fbAQLP

exports[`TransactionMemo should render 1`] = `
<div>
  <div
    class="TransactionDetail__TransactionDetailStyled-r7sfme-0 hEJkEi no-ligatures"
    data-testid="TransactionMemo"
  >
    <div
      class="flex-1 space-y-2 w-40 whitespace-nowrap"
    >
      <div
        class="text-sm font-semibold text-theme-secondary-700 no-ligatures"
      >
        Memo
      </div>
      <div
        class="font-semibold"
      >
        <p
          class="break-all whitespace-pre-line"
        >
          test memo
        </p>
      </div>
    </div>
    <div
      class="flex justify-center w-11 text-theme-secondary-900 dark:text-theme-secondary-600"
    >
      <div
        class="sc-bdfBwQ hjDozt"
        height="20"
        width="20"
      >
        <svg>
          memo.svg
        </svg>
      </div>
    </div>
  </div>
</div>
`;
