// Jest Snapshot v1, https://goo.gl/fbAQLP

exports[`TransactionRowMemo should show memo 1`] = `
<DocumentFragment>
  <div
    class="inline-flex space-x-1 align-middle text-theme-secondary-700 dark:text-theme-secondary-600"
    data-testid="TransactionRowMemo"
  />
</DocumentFragment>
`;
