// Jest Snapshot v1, https://goo.gl/fbAQLP

exports[`TransactionRowAmount should show as received 1`] = `
<DocumentFragment>
  <div
    class="Label-sc-4akkzw-0 iTKkeF whitespace-nowrap"
    color="success"
  >
    <span
      data-testid="AmountCrypto"
    >
      + 121 ARK
    </span>
  </div>
</DocumentFragment>
`;
