// Jest Snapshot v1, https://goo.gl/fbAQLP

exports[`AppearanceViewingMode should render 1`] = `
<DocumentFragment>
  <div
    class="inline-flex items-center space-x-3 w-full"
    data-testid="ButtonGroup"
    role="radiogroup"
  >
    <button
      aria-checked="false"
      aria-label="light"
      class="ButtonGroup__ButtonGroupOptionStyled-sc-2f0qmd-0 kljpGq"
      data-testid="ButtonGroupOption"
      disabled=""
      role="radio"
      type="button"
    >
      <div
        class="flex items-center space-x-2 px-2"
      >
        <div
          class="sc-bdfBwQ hjDozt"
          height="20"
          width="20"
        >
          <svg>
            light.svg
          </svg>
        </div>
        <span>
          Light
        </span>
      </div>
    </button>
    <button
      aria-checked="false"
      aria-label="dark"
      class="ButtonGroup__ButtonGroupOptionStyled-sc-2f0qmd-0 kljpGq"
      data-testid="ButtonGroupOption"
      disabled=""
      role="radio"
      type="button"
    >
      <div
        class="flex items-center space-x-2 px-2"
      >
        <div
          class="sc-bdfBwQ hjDozt"
          height="20"
          width="20"
        >
          <svg>
            dark.svg
          </svg>
        </div>
        <span>
          Dark
        </span>
      </div>
    </button>
  </div>
</DocumentFragment>
`;
