// Jest Snapshot v1, https://goo.gl/fbAQLP

exports[`TransactionType should render 1`] = `
<div>
  <div
    class="TransactionDetail__TransactionDetailStyled-r7sfme-0 hEJkEi no-ligatures"
    data-testid="TransactionType"
  >
    <div
      class="flex-1 space-y-2 w-40 whitespace-nowrap"
    >
      <div
        class="text-sm font-semibold text-theme-secondary-700 no-ligatures"
      >
        Transaction Type
      </div>
      <div
        class="font-semibold"
      >
        Multipayment
      </div>
    </div>
    <div
      class="Circle__CircleWrapper-d5u41q-0 bWntUS text-theme-text border-theme-text dark:text-theme-secondary-600 dark:border-theme-secondary-600 ring-theme-background"
    >
      <div
        class="sc-bdfBwQ hjDozt"
        height="20"
        width="20"
      >
        <svg>
          multipayment.svg
        </svg>
      </div>
    </div>
  </div>
</div>
`;
