// Jest Snapshot v1, https://goo.gl/fbAQLP

exports[`ImportProfile should render first step 1`] = `
<div>
  <div
    class="flex relative flex-col min-h-screen"
  >
    <nav
      aria-labelledby="main menu"
      class="NavigationBar__NavWrapper-sc-1nkmx4c-0 kwMnUP"
    >
      <div
        class="flex relative h-21"
      >
        <div
          class="flex flex-1 px-8 ml-12"
        >
          <div
            class="flex items-center my-auto"
          >
            <div
              class="NavigationBar__LogoContainer-sc-1nkmx4c-1 bfIa-di"
            >
              <svg
                height="28"
              >
                payvo-logo.svg
              </svg>
            </div>
            <span
              class="text-2xl font-bold"
            >
              Payvo Wallet
            </span>
          </div>
        </div>
      </div>
    </nav>
    <div
      class="flex flex-col flex-1"
    >
      <div
        class="Section__SectionWrapper-sc-plnv9l-0 efrBqv flex flex-col"
      >
        <div
          class="container px-10 mx-auto"
        >
          <div
            class="mx-auto max-w-xl"
          >
            <ul
              class="StepIndicator__StepWrapper-sc-1kbqtlh-1 htQxZl"
            >
              <li
                class="StepIndicator__StepStyled-sc-1kbqtlh-0 kcRpjv"
              />
              <li
                class="StepIndicator__StepStyled-sc-1kbqtlh-0 cqvTyD"
              />
              <li
                class="StepIndicator__StepStyled-sc-1kbqtlh-0 cqvTyD"
              />
            </ul>
            <div
              class="mt-8"
            >
              <div
                data-testid="tab-pabel__active-panel"
              >
                <div
                  class="mx-auto max-w-xl"
                >
                  <div
                    class="flex justify-between items-end bg-theme-background"
                  >
                    <div
                      class="space-y-4"
                    >
                      <h1
                        class="mb-0 text-2xl"
                        data-testid="header__title"
                      >
                        Import Profile
                      </h1>
                      <div
                        class="text-theme-secondary-text"
                        data-testid="header__subtitle"
                      >
                        Select a .dwe file with your Profile and related properties to start the import process.
                      </div>
                    </div>
                  </div>
                  <div
                    class="p-2 mt-8 h-52 rounded-lg border-2 border-dashed border-theme-secondary-300 dark:border-theme-secondary-800"
                    data-testid="SelectFile"
                  >
                    <div
                      class="h-full flex flex-col items-center justify-center rounded-lg transition-colors duration-200 bg-theme-primary-50 dark:bg-theme-secondary-800"
                      data-testid="SelectFile__drop-zone"
                    >
                      <div
                        class="sc-bdnxRM cTrAIK"
                        height="40"
                        width="40"
                      >
                        <svg>
                          dwe-file.svg
                        </svg>
                      </div>
                      <div
                        class="mt-8 space-x-px"
                      >
                        <span
                          class="font-semibold"
                        >
                          Drag & Drop or
                           
                        </span>
                        <button
                          class="relative font-semibold cursor-pointer focus:outline-none link group"
                          data-testid="SelectFile__browse-files"
                          title="Click here to upload"
                          type="button"
                        >
                          <div
                            class="absolute inset-0 -m-1 rounded group-focus-visible group-focus:ring-2 ring-theme-primary-400"
                          />
                          Browse Files
                        </button>
                      </div>
                      <div
                        class="mt-2 text-sm font-semibold text-theme-secondary-500"
                      >
                        Supported format is .dwe
                      </div>
                    </div>
                  </div>
                  <p
                    class="mt-6 text-base text-center text-theme-secondary-text"
                  >
                    <span>
                      Importing from Desktop Wallet v2?
                       
                    </span>
                    <button
                      class="relative font-semibold cursor-pointer focus:outline-none link group"
                      data-testid="SelectFileStep__change-file"
                      title="Click here."
                      type="button"
                    >
                      <div
                        class="absolute inset-0 -m-1 rounded group-focus-visible group-focus:ring-2 ring-theme-primary-400"
                      />
                      Click here.
                    </button>
                  </p>
                  <div
                    class="flex justify-end mt-8 space-x-3"
                  >
                    <button
                      class="OriginalButton__StyledButton-sc-o0fs2j-0 jfKZOY"
                      data-testid="SelectFileStep__back"
                      type="button"
                    >
                      <div
                        class="flex relative items-center space-x-2"
                      >
                        Back
                      </div>
                    </button>
                  </div>
                </div>
              </div>
            </div>
          </div>
        </div>
      </div>
    </div>
  </div>
</div>
`;
