// Jest Snapshot v1, https://goo.gl/fbAQLP

exports[`CollapseToggleButton should render disabled 1`] = `
<div>
  <button
    class="flex items-center py-2 font-semibold rounded focus:outline-none space-x-2 text-theme-secondary-500"
    data-testid="CollapseToggleButton"
    disabled=""
  >
    <span>
      Hide
    </span>
    <span
      class="CollapseToggleButton__ToggleIcon-sc-1wkp6k4-0 gPPrJa"
    >
      <div
        class="sc-bdfBwQ eZRpTZ"
        height="10"
        width="10"
      >
        <svg>
          chevron-down.svg
        </svg>
      </div>
    </span>
  </button>
</div>
`;
