// Jest Snapshot v1, https://goo.gl/fbAQLP

exports[`TransactionExplorerLink should render a transaction link 1`] = `
<div>
  <div
    class="TransactionDetail__TransactionDetailStyled-sc-r7sfme-0 dEfDlX no-ligatures"
    data-testid="TransactionDetail"
  >
    <div
      class="flex-1 space-y-2 w-40 whitespace-nowrap"
    >
      <div
        class="text-sm font-semibold text-theme-secondary-700 no-ligatures"
      >
        ID
      </div>
      <div
        class="font-semibold"
      >
        <div
          class="flex overflow-hidden items-center space-x-3"
        >
          <span
            class="overflow-hidden"
          >
            <a
              class="Link__AnchorStyled-sc-ec014t-0 htEgTC group"
              data-testid="Link"
              href="#"
              rel="noopener noreferrer"
              to="transaction-link"
            >
              <span
                class="Link__Content-sc-ec014t-1 hUiuRR"
              >
                <span
                  class="inline-flex overflow-hidden"
                >
                  test-id
                </span>
              </span>
              <span
                class="align-middle"
              >
                <div
                  class="sc-bdnxRM AFVmm flex-shrink-0 duration-200 inline-block pb-px text-sm"
                  data-testid="Link__external"
                  height="16"
                  width="16"
                >
                  <svg>
                    redirect.svg
                  </svg>
                </div>
              </span>
            </a>
          </span>
          <span
            class="flex text-theme-primary-300 dark:text-theme-secondary-600"
          >
            <button
              class="relative focus:outline-none group"
              data-testid="clipboard-icon__wrapper"
              type="button"
            >
              <div
                class="absolute inset-0 -m-1 rounded group-focus-visible group-focus:ring-2 ring-theme-primary-400"
              />
              <div
                class="sc-bdnxRM AFVmm"
                height="16"
                width="16"
              >
                <svg>
                  copy.svg
                </svg>
              </div>
            </button>
          </span>
        </div>
      </div>
    </div>
  </div>
</div>
`;
