// Jest Snapshot v1, https://goo.gl/fbAQLP

exports[`SecondSignatureRegistrationForm backup step should render 1`] = `
<DocumentFragment>
  <form
    class="space-y-5"
    data-testid="Form"
  >
    <div>
      <div
        data-testid="tab-pabel__active-panel"
      >
        <section
          data-testid="SecondSignatureRegistrationForm__backup-step"
        >
          <div
            class="flex justify-between items-end bg-theme-background"
          >
            <div
              class="space-y-4"
            >
              <h1
                class="mb-0 text-2xl"
                data-testid="header__title"
              >
                Your Second Signature
              </h1>
            </div>
          </div>
          <div
            class="pt-6 space-y-6"
          >
            <div
              class="flex overflow-hidden flex-col space-y-4 rounded-lg p-4 bg-theme-warning-50 dark:bg-theme-secondary-800 sm:space-y-0 sm:space-x-4 sm:flex-row sm:items-center"
            >
              <div
                class="h-11 w-11 flex flex-shrink-0 items-center justify-center rounded-lg text-white bg-theme-warning-600"
              >
                <div
                  class="sc-bdfBwQ hjDozt"
                  height="20"
                  width="20"
                >
                  <svg>
                    alert-warning.svg
                  </svg>
                </div>
              </div>
              <div
                class="flex flex-col w-full"
              >
                <div
                  class="text-sm leading-relaxed break-words dark:text-theme-secondary-500"
                >
                  You are responsible for storing and protecting this mnemonic passphrase offline. The Payvo Wallet cannot reveal this to you at a later time. If you lose this mnemonic passphrase, you will lose your funds.
                </div>
              </div>
            </div>
            <ul
              class="grid grid-cols-2 gap-x-3 gap-y-5 md:grid-cols-3 lg:grid-cols-4"
            >
              <li
                class="relative p-4 rounded border border-theme-secondary-400 dark:border-theme-secondary-700"
                data-testid="MnemonicList__item"
              >
                <span
                  class="absolute top-0 left-0 px-1 text-xs font-medium transform translate-x-2 -translate-y-2 bg-theme-background text-theme-secondary-700"
                >
                  1
                </span>
                <span
                  class="font-medium"
                >
                  test
                </span>
              </li>
              <li
                class="relative p-4 rounded border border-theme-secondary-400 dark:border-theme-secondary-700"
                data-testid="MnemonicList__item"
              >
                <span
                  class="absolute top-0 left-0 px-1 text-xs font-medium transform translate-x-2 -translate-y-2 bg-theme-background text-theme-secondary-700"
                >
                  2
                </span>
                <span
                  class="font-medium"
                >
                  mnemonic
                </span>
              </li>
            </ul>
            <div
              class="Divider-sc-17ehhxk-0 EvPEZ border-theme-secondary-300 dark:border-theme-secondary-800"
              type="horizontal"
            />
            <div
              class="flex justify-between items-center"
            >
              <div
                class="space-y-2"
              >
                <span
                  class="text-lg font-semibold text-theme-secondary-text"
                >
                  Copy or Download Mnemonic Passphrase
                </span>
                <p
                  class="text-sm text-theme-secondary-500"
                >
                  You can copy or download your mnemonic, but store it safely.
                </p>
              </div>
              <div
                class="sc-bdfBwQ gfGMlR"
                height="40"
                width="40"
              >
                <svg>
                  file-password.svg
                </svg>
              </div>
            </div>
            <div
              class="flex justify-end space-x-3"
            >
              <div
                class="relative"
              >
                <button
                  class="ClipboardButton__StyledButton-cammp1-0 kUVLdV"
                  data-testid="SecondSignature__copy"
                  type="button"
                >
                  <div
                    class="flex items-center space-x-2"
                  >
                    <div
                      class="sc-bdfBwQ bcEVDZ"
                      height="16"
                      width="16"
                    >
                      <svg>
                        copy.svg
                      </svg>
                    </div>
                    <span>
                      Copy
                    </span>
                  </div>
                </button>
                <div
                  class="flex absolute inset-0 justify-center items-center rounded bg-theme-primary-100 dark:bg-theme-secondary-800"
                  data-testid="clipboard-button__checkmark"
                  style="opacity: 0;"
                >
                  <div
                    class="sc-bdfBwQ hjDozt text-theme-primary-600 dark:text-theme-secondary-200"
                    height="20"
                    width="20"
                  >
                    <svg>
                      checkmark.svg
                    </svg>
                  </div>
                </div>
              </div>
              <button
                class="OriginalButton__StyledButton-o0fs2j-0 guPjPB"
                data-testid="SecondSignature__download"
                type="button"
              >
                <div
                  class="flex relative items-center space-x-2"
                >
                  <div
                    class="sc-bdfBwQ bcEVDZ"
                    height="16"
                    width="16"
                  >
                    <svg>
                      download.svg
                    </svg>
                  </div>
                  <span>
                    Download
                  </span>
                </div>
              </button>
            </div>
          </div>
          <div
            class="pt-2"
          >
            <div
              class="Divider-sc-17ehhxk-0 EvPEZ border-theme-secondary-300 dark:border-theme-secondary-800"
              type="horizontal"
            />
          </div>
        </section>
      </div>
    </div>
  </form>
</DocumentFragment>
`;

exports[`SecondSignatureRegistrationForm should render generation step 1`] = `
<DocumentFragment>
  <form
    class="space-y-5"
    data-testid="Form"
  >
    <div>
      <div
        data-testid="tab-pabel__active-panel"
      >
        <section
          data-testid="SecondSignatureRegistrationForm__generation-step"
        >
          <div
            class="flex justify-between items-end bg-theme-background"
          >
            <div
              class="space-y-4"
            >
              <h1
                class="mb-0 text-2xl"
                data-testid="header__title"
              >
                Register Second Signature
              </h1>
              <div
                class="text-theme-secondary-text"
                data-testid="header__subtitle"
              >
                You can additionaly secure your address with a second mnemonic passphrase.
              </div>
            </div>
          </div>
          <div
            class="flex overflow-hidden flex-col space-y-4 rounded-lg p-4 bg-theme-warning-50 dark:bg-theme-secondary-800 sm:space-y-0 sm:space-x-4 sm:flex-row sm:items-center mt-6"
          >
            <div
              class="h-11 w-11 flex flex-shrink-0 items-center justify-center rounded-lg text-white bg-theme-warning-600"
            >
              <div
                class="sc-bdfBwQ hjDozt"
                height="20"
                width="20"
              >
                <svg>
                  alert-warning.svg
                </svg>
              </div>
            </div>
            <div
              class="flex flex-col w-full"
            >
              <div
                class="text-sm leading-relaxed break-words dark:text-theme-secondary-500"
              >
                Before creating the second mnemonic, we strongly recommend that you save it, as its loss will lead to a loss of access to your money.
              </div>
            </div>
          </div>
          <div
            class="TransactionDetail__TransactionDetailStyled-r7sfme-0 fyYYPW no-ligatures"
            data-testid="TransactionSender"
          >
            <div
              class="flex-1 space-y-2 w-40 whitespace-nowrap"
            >
              <div
                class="text-sm font-semibold text-theme-secondary-700 no-ligatures"
              >
                Sender
              </div>
              <div
                class="font-semibold"
              >
                <div
                  class="flex overflow-hidden flex-grow items-center space-x-2 whitespace-nowrap no-ligatures"
                >
                  <span
                    class="font-semibold text-base text-theme-text"
                    data-testid="Address__alias"
                  >
                    <span
                      class="TruncateEnd__Wrapper-sc-1hhdnni-0"
                      data-testid="TruncateEnd"
                    >
                      ARK Wallet 1
                    </span>
                  </span>
                  <span
                    class="inline-flex overflow-hidden text-theme-secondary-500 dark:text-theme-secondary-700 font-semibold text-base"
                    data-testid="Address__address"
                  >
                    D8rr7B1d6TL6pf14LgMz4sKp1VBMs6YUYD
                  </span>
                </div>
              </div>
            </div>
            <div
              class="flex items-center -space-x-2"
            >
              <div
                class="Avatar__AvatarWrapper-sc-18vw8a4-0 ehnmnK flex-shrink-0"
                data-testid="Avatar"
              >
                <div
                  class="w-full h-full inline-flex items-center justify-center overflow-hidden align-middle rounded-full"
                >
                  <img
                    alt="D8rr7B1d6TL6pf14LgMz4sKp1VBMs6YUYD"
                    src="data:image/svg+xml;utf8,<svg version=\\"1.1\\" xmlns=\\"http://www.w3.org/2000/svg\\" class=\\"picasso\\" width=\\"100\\" height=\\"100\\" viewBox=\\"0 0 100 100\\"><style>.picasso circle{mix-blend-mode:soft-light;}</style><rect fill=\\"rgb(0, 150, 136)\\" width=\\"100\\" height=\\"100\\"/><circle r=\\"50\\" cx=\\"80\\" cy=\\"50\\" fill=\\"rgb(76, 175, 80)\\"/><circle r=\\"35\\" cx=\\"100\\" cy=\\"40\\" fill=\\"rgb(156, 39, 176)\\"/><circle r=\\"40\\" cx=\\"90\\" cy=\\"70\\" fill=\\"rgb(3, 169, 244)\\"/></svg>"
                    title="D8rr7B1d6TL6pf14LgMz4sKp1VBMs6YUYD"
                  />
                </div>
              </div>
            </div>
          </div>
          <div
            class="pt-6"
          >
            <fieldset
              class="FormField__FormFieldStyled-q4bblx-0 bpBovi flex flex-col space-y-2"
            >
              <label
                class="flex mb-2 text-sm font-semibold transition-colors duration-100 FormLabel text-theme-secondary-text"
                data-testid="FormLabel"
                for="fee"
              >
                Transaction Fee
              </label>
              <div
                class="relative"
                data-testid="InputFee"
              >
                <div
                  class="absolute right-0 -mt-7"
                >
                  <div
                    class="flex items-center"
                  >
                    <span
                      class="Switch__SwitchText-sc-161iiro-0 ddtFSz"
                      role="button"
                    >
                      Simple
                    </span>
                    <label
                      class="flex"
                    >
                      <input
                        class="Toggle__Input-sc-6s3wfu-0 lksfSS"
                        type="checkbox"
                      />
                      <div
                        class="Toggle__Handle-sc-6s3wfu-1 fOBaxM"
                      >
                        <span
                          class="Toggle__HandleInner-sc-6s3wfu-2 jLcWyW"
                        />
                      </div>
                    </label>
                    <span
                      class="Switch__SwitchText-sc-161iiro-0 bxLfsC"
                      role="button"
                    >
                      Advanced
                    </span>
                  </div>
                </div>
                <div
                  class="inline-flex items-center space-x-3 w-full"
                  data-testid="ButtonGroup"
                  role="radiogroup"
                >
                  <button
                    aria-checked="false"
                    aria-label="0"
                    class="ButtonGroup__ButtonGroupOptionStyled-sc-2f0qmd-0 ksEKyJ"
                    data-testid="ButtonGroupOption"
                    role="radio"
                    type="button"
                  >
                    <div
                      class="flex flex-col space-y-2"
                    >
                      <div>
                        Slow
                      </div>
                      <span
                        class="text-sm"
                        data-testid="AmountCrypto"
                      >
                        0 DARK
                      </span>
                    </div>
                  </button>
                  <button
                    aria-checked="true"
                    aria-label="1.354"
                    class="ButtonGroup__ButtonGroupOptionStyled-sc-2f0qmd-0 ksEKyJ"
                    data-testid="ButtonGroupOption"
                    role="radio"
                    type="button"
                  >
                    <div
                      class="flex flex-col space-y-2"
                    >
                      <div>
                        Average
                      </div>
                      <span
                        class="text-sm"
                        data-testid="AmountCrypto"
                      >
                        1.354 DARK
                      </span>
                    </div>
                  </button>
                  <button
                    aria-checked="false"
                    aria-label="10"
                    class="ButtonGroup__ButtonGroupOptionStyled-sc-2f0qmd-0 ksEKyJ"
                    data-testid="ButtonGroupOption"
                    role="radio"
                    type="button"
                  >
                    <div
                      class="flex flex-col space-y-2"
                    >
                      <div>
                        Fast
                      </div>
                      <span
                        class="text-sm"
                        data-testid="AmountCrypto"
                      >
                        10 DARK
                      </span>
                    </div>
                  </button>
                </div>
              </div>
            </fieldset>
          </div>
        </section>
      </div>
    </div>
  </form>
</DocumentFragment>
`;

exports[`SecondSignatureRegistrationForm should render transaction details 1`] = `
<DocumentFragment>
  <div
    class="TransactionDetail__TransactionDetailStyled-r7sfme-0 fGJHFM no-ligatures"
    data-testid="TransactionFee"
  >
    <div
      class="flex-1 space-y-2 w-40 whitespace-nowrap"
    >
      <div
        class="text-sm font-semibold text-theme-secondary-700 no-ligatures"
      >
        Transaction Fee
      </div>
      <div
        class="font-semibold"
      >
        <span
          data-testid="AmountCrypto"
        >
          0.1 DARK
        </span>
      </div>
    </div>
  </div>
</DocumentFragment>
`;
