// Jest Snapshot v1, https://goo.gl/fbAQLP

exports[`AddExchange should not render if not open 1`] = `<DocumentFragment />`;

exports[`AddExchange should render a modal 1`] = `
<DocumentFragment>
  <div
    class="flex fixed inset-0 z-50 py-20 w-full h-full bg-opacity-60 dark:bg-opacity-80 bg-theme-secondary-900-rgba overflow-overlay dark:bg-black-rgba"
    data-testid="modal__overlay"
  >
    <div
      class="Modal__ModalContainer-sc-5lu2mc-0 kgvmbP"
      tabindex="-1"
    >
      <div
        class="flex overflow-hidden relative flex-col p-10 shadow-2xl rounded-2.5xl bg-theme-background"
        data-testid="modal__inner"
      >
        <div
          class="absolute top-0 right-0 z-10 mt-5 mr-5 rounded transition-all duration-100 ease-linear bg-theme-primary-100 dark:bg-theme-secondary-800 dark:text-theme-secondary-600 dark:hover:bg-theme-secondary-700 dark:hover:text-theme-secondary-400 hover:bg-theme-primary-300"
        >
          <button
            class="OriginalButton__StyledButton-o0fs2j-0 gAvGnc w-11 h-11"
            data-testid="modal__close-btn"
            type="button"
          >
            <div
              class="flex relative items-center space-x-2"
            >
              <div
                class="sc-bdfBwQ bcEVDZ"
                height="16"
                width="16"
              >
                <svg>
                  cross-slim.svg
                </svg>
              </div>
            </div>
          </button>
        </div>
        <div
          class="relative space-y-4"
        >
          <h2
            class="mb-0 text-3xl font-bold"
          >
            Exchange
          </h2>
          <div
            class="flex-1"
          >
            <div
              class="mt-8 -mb-6"
            >
              <div
                class="Table__TableWrapper-sc-1gcp0fb-0 jwykaG -mt-3"
                role="table"
              >
                <table
                  cellpadding="0"
                  class="table-auto"
                >
                  <thead>
                    <tr
                      class="border-b border-theme-secondary-300 dark:border-theme-secondary-800"
                      role="row"
                    >
                      <th
                        class="group relative text-sm text-left select-none text-theme-secondary-500 border-theme-secondary-300 dark:text-theme-secondary-700 dark:border-theme-secondary-800 m-0 p-3 first:pl-0 last:pr-0 font-semibold hasBorder"
                        colspan="1"
                        data-testid="table__th--0"
                        role="columnheader"
                        style="cursor: pointer;"
                        title="Toggle SortBy"
                      >
                        <div
                          class="flex flex-inline align-top"
                        >
                          <div>
                            Name
                          </div>
                          <div
                            class="flex items-center text-theme-secondary-500 dark:text-theme-secondary-700 transition-opacity ml-2"
                          >
                            <div
                              class="sc-bdfBwQ eZRpTZ transition-transform transform rotate-180"
                              height="10"
                              role="img"
                              width="10"
                            >
                              <svg>
                                chevron-down.svg
                              </svg>
                            </div>
                          </div>
                        </div>
                      </th>
                      <th
                        class="group relative text-sm text-left select-none text-theme-secondary-500 border-theme-secondary-300 dark:text-theme-secondary-700 dark:border-theme-secondary-800 m-0 p-3 first:pl-0 last:pr-0 font-semibold hasBorder"
                        colspan="1"
                        data-testid="table__th--1"
                        role="columnheader"
                        style="cursor: pointer;"
                        title="Toggle SortBy"
                      >
                        <div
                          class="flex flex-inline align-top"
                        >
                          <div>
                            Author
                          </div>
                          <div
                            class="flex items-center text-theme-secondary-500 dark:text-theme-secondary-700 transition-opacity opacity-0 group-hover:opacity-100 ml-2"
                          >
                            <div
                              class="sc-bdfBwQ eZRpTZ transition-transform transform rotate-180"
                              height="10"
                              role="img"
                              width="10"
                            >
                              <svg>
                                chevron-down.svg
                              </svg>
                            </div>
                          </div>
                        </div>
                      </th>
                      <th
                        class="group relative text-sm text-left select-none text-theme-secondary-500 border-theme-secondary-300 dark:text-theme-secondary-700 dark:border-theme-secondary-800 m-0 p-3 first:pl-0 last:pr-0 font-semibold"
                        colspan="1"
                        data-testid="table__th--2"
                        role="columnheader"
                      >
                        <div
                          class="flex flex-inline align-top no-border"
                        >
                          <div>
                            Version
                          </div>
                        </div>
                      </th>
                      <th
                        class="group relative text-sm text-left select-none text-theme-secondary-500 border-theme-secondary-300 dark:text-theme-secondary-700 dark:border-theme-secondary-800 m-0 p-3 first:pl-0 last:pr-0 font-semibold hasBorder"
                        colspan="1"
                        data-testid="table__th--3"
                        role="columnheader"
                      >
                        <div
                          class="flex flex-inline align-top hidden"
                        >
                          <div>
                            Actions
                          </div>
                        </div>
                      </th>
                    </tr>
                  </thead>
                  <tbody
                    role="rowgroup"
                  >
                    <tr
                      class="TableRow__TableRowStyled-y9j4av-0 hGTGw"
                      data-testid="TableRow"
                    >
                      <td>
                        <div
                          class="TableCell__TableCellInnerWrapper-v39gua-0 hvhfUK space-x-5"
                        >
                          <div
                            class="bg-theme-primary-100 text-theme-primary-600 w-11 h-11"
                          >
                            <svg>
                              exchange-logo-placeholder.svg
                            </svg>
                          </div>
                          <span
                            class="font-semibold cursor-pointer link"
                          >
                            Atomars
                          </span>
                        </div>
                      </td>
                      <td>
                        <div
                          class="TableCell__TableCellInnerWrapper-v39gua-0 fHHBzg"
                        >
                          <span>
                            Atomars
                          </span>
                        </div>
                      </td>
                      <td>
                        <div
                          class="TableCell__TableCellInnerWrapper-v39gua-0 fHHBzg"
                        >
                          <span>
                            v 1.3.8
                          </span>
                        </div>
                      </td>
                      <td
                        class="w-16"
                      >
                        <div
                          class="TableCell__TableCellInnerWrapper-v39gua-0 auIyS justify-end"
                        >
                          <button
                            class="OriginalButton__StyledButton-o0fs2j-0 guPjPB"
                            type="button"
                          >
                            <div
                              class="flex relative items-center space-x-2"
                            >
                              Install
                            </div>
                          </button>
                        </div>
                      </td>
                    </tr>
                    <tr
                      class="TableRow__TableRowStyled-y9j4av-0 hGTGw"
                      data-testid="TableRow"
                    >
                      <td>
                        <div
                          class="TableCell__TableCellInnerWrapper-v39gua-0 hvhfUK space-x-5"
                        >
                          <div
                            class="bg-theme-primary-100 text-theme-primary-600 w-11 h-11"
                          >
                            <svg>
                              exchange-logo-placeholder.svg
                            </svg>
                          </div>
                          <span
                            class="font-semibold cursor-pointer link"
                          >
                            Binance
                          </span>
                        </div>
                      </td>
                      <td>
                        <div
                          class="TableCell__TableCellInnerWrapper-v39gua-0 fHHBzg"
                        >
                          <span>
                            Binance
                          </span>
                        </div>
                      </td>
                      <td>
                        <div
                          class="TableCell__TableCellInnerWrapper-v39gua-0 fHHBzg"
                        >
                          <span>
                            v 1.3.8
                          </span>
                        </div>
                      </td>
                      <td
                        class="w-16"
                      >
                        <div
                          class="TableCell__TableCellInnerWrapper-v39gua-0 auIyS justify-end"
                        >
                          <button
                            class="OriginalButton__StyledButton-o0fs2j-0 guPjPB"
                            type="button"
                          >
                            <div
                              class="flex relative items-center space-x-2"
                            >
                              Install
                            </div>
                          </button>
                        </div>
                      </td>
                    </tr>
                    <tr
                      class="TableRow__TableRowStyled-y9j4av-0 hGTGw"
                      data-testid="TableRow"
                    >
                      <td>
                        <div
                          class="TableCell__TableCellInnerWrapper-v39gua-0 hvhfUK space-x-5"
                        >
                          <div
                            class="bg-theme-primary-100 text-theme-primary-600 w-11 h-11"
                          >
                            <svg>
                              exchange-logo-placeholder.svg
                            </svg>
                          </div>
                          <span
                            class="font-semibold cursor-pointer link"
                          >
                            ChangeNOW Plugin
                          </span>
                        </div>
                      </td>
                      <td>
                        <div
                          class="TableCell__TableCellInnerWrapper-v39gua-0 fHHBzg"
                        >
                          <span>
                            ChangeNOW
                          </span>
                        </div>
                      </td>
                      <td>
                        <div
                          class="TableCell__TableCellInnerWrapper-v39gua-0 fHHBzg"
                        >
                          <span>
                            v 1.3.8
                          </span>
                        </div>
                      </td>
                      <td
                        class="w-16"
                      >
                        <div
                          class="TableCell__TableCellInnerWrapper-v39gua-0 auIyS justify-end"
                        >
                          <button
                            class="OriginalButton__StyledButton-o0fs2j-0 guPjPB"
                            type="button"
                          >
                            <div
                              class="flex relative items-center space-x-2"
                            >
                              Install
                            </div>
                          </button>
                        </div>
                      </td>
                    </tr>
                    <tr
                      class="TableRow__TableRowStyled-y9j4av-0 hGTGw"
                      data-testid="TableRow"
                    >
                      <td>
                        <div
                          class="TableCell__TableCellInnerWrapper-v39gua-0 hvhfUK space-x-5"
                        >
                          <div
                            class="bg-theme-primary-100 text-theme-primary-600 w-11 h-11"
                          >
                            <svg>
                              exchange-logo-placeholder.svg
                            </svg>
                          </div>
                          <span
                            class="font-semibold cursor-pointer link"
                          >
                            OKEx
                          </span>
                        </div>
                      </td>
                      <td>
                        <div
                          class="TableCell__TableCellInnerWrapper-v39gua-0 fHHBzg"
                        >
                          <span>
                            ARK Ecosystem
                          </span>
                        </div>
                      </td>
                      <td>
                        <div
                          class="TableCell__TableCellInnerWrapper-v39gua-0 fHHBzg"
                        >
                          <span>
                            v 1.3.8
                          </span>
                        </div>
                      </td>
                      <td
                        class="w-16"
                      >
                        <div
                          class="TableCell__TableCellInnerWrapper-v39gua-0 auIyS justify-end"
                        >
                          <button
                            class="OriginalButton__StyledButton-o0fs2j-0 guPjPB"
                            type="button"
                          >
                            <div
                              class="flex relative items-center space-x-2"
                            >
                              Install
                            </div>
                          </button>
                        </div>
                      </td>
                    </tr>
                  </tbody>
                </table>
              </div>
            </div>
          </div>
        </div>
      </div>
    </div>
  </div>
</DocumentFragment>
`;
