// Jest Snapshot v1, https://goo.gl/fbAQLP

exports[`Offline should render 1`] = `
<DocumentFragment>
  <div
    class="flex relative flex-col min-h-screen"
  >
    <nav
      aria-labelledby="main menu"
      class="NavigationBar__NavWrapper-sc-1nkmx4c-0 rEBdf"
    >
      <div
        class="flex relative h-21"
      >
        <div
          class="flex flex-1 px-8 ml-12"
        >
          <div
            class="flex items-center my-auto"
          >
            <div
              class="NavigationBar__LogoContainer-sc-1nkmx4c-1 bQNieu"
            >
              <svg
                height="28"
              >
                payvo-logo.svg
              </svg>
            </div>
          </div>
        </div>
      </div>
    </nav>
    <div
      class="flex flex-col flex-1"
    >
      <div
        class="Section__SectionWrapper-plnv9l-0 hMcwPe flex flex-col flex-1 justify-center text-center"
      >
        <div
          class="container px-10 mx-auto"
        >
          <div
            class="flex justify-center mx-auto max-w-md"
          >
            <svg>
              connection-error-dark-green.svg
            </svg>
          </div>
          <div
            class="mt-8"
            data-testid="Offline__text"
          >
            <h2
              class="text-2xl font-bold"
            >
              Cannot Connect
            </h2>
            <p
              class="text-theme-secondary-text"
            >
              Check your internet connection if it doesn't work, check it again.
            </p>
          </div>
        </div>
      </div>
    </div>
  </div>
</DocumentFragment>
`;
