// Jest Snapshot v1, https://goo.gl/fbAQLP

exports[`TransactionFee should render 1`] = `
<div>
  <div
    class="TransactionDetail__TransactionDetailStyled-r7sfme-0 hEJkEi no-ligatures"
    data-testid="TransactionFee"
  >
    <div
      class="flex-1 space-y-2 w-40 whitespace-nowrap"
    >
      <div
        class="text-sm font-semibold text-theme-secondary-700 no-ligatures"
      >
        Transaction Fee
      </div>
      <div
        class="font-semibold"
      >
        <span
          data-testid="AmountCrypto"
        >
          1 DARK
        </span>
      </div>
    </div>
  </div>
</div>
`;
